src/components/dashboard/SelectionPage.tsx(10,10): error TS2724: '"@/components/dashboard/TopMetrics"' has no exported member named 'TopMetricsData'. Did you mean 'TopMetrics'?
